
> my-v0-project@0.1.0 build
> next build

   Γû▓ Next.js 15.2.4
   - Environments: .env.local

   Creating an optimized production build ...


Source path: C:\Users\vsFolder\Projects\Pick_And_Fit\new_pick\Pick-and-Fit\app\globals.css
Setting up new context...
Finding changed files: 38.116ms
Reading changed files: 334.809ms
Sorting candidates: 16.989ms
Generate rules: 461.287ms
Build stylesheet: 12.231ms
Potential classes:  9652
Active contexts:  1
JIT TOTAL: 1.250s


 Γ£ô Compiled successfully
   Skipping validation of types
   Skipping linting
   Collecting page data ...
node.exe : (node:15136) [MONGOOSE] Warning: Duplicate schema index on {"userId":1} found. This 
is often due to declaring an index using both "index: true" and "schema.index()". Please 
remove the duplicate index definition.
At C:\Program Files\nodejs\npm.ps1:29 char:3
+   & $NODE_EXE $NPM_CLI_JS $args
+   ~~~~~~~~~~~~~~~~~~~~~~~~~~~~~
    + CategoryInfo          : NotSpecified: ((node:15136) [M...dex definition.:String) [], Rem 
   oteException
    + FullyQualifiedErrorId : NativeCommandError
 
(Use `node --trace-warnings ...` to show where the warning was created)
(node:24344) [MONGOOSE] Warning: Duplicate schema index on {"email":1} found. This is often 
due to declaring an index using both "index: true" and "schema.index()". Please remove the 
duplicate index definition.
(Use `node --trace-warnings ...` to show where the warning was created)
(node:29520) [MONGOOSE] Warning: Duplicate schema index on {"orderNumber":1} found. This is 
often due to declaring an index using both "index: true" and "schema.index()". Please remove 
the duplicate index definition.
(Use `node --trace-warnings ...` to show where the warning was created)
(node:32716) [MONGOOSE] Warning: Duplicate schema index on {"email":1} found. This is often 
due to declaring an index using both "index: true" and "schema.index()". Please remove the 
duplicate index definition.
(Use `node --trace-warnings ...` to show where the warning was created)
(node:30792) [MONGOOSE] Warning: Duplicate schema index on {"userId":1} found. This is often 
due to declaring an index using both "index: true" and "schema.index()". Please remove the 
duplicate index definition.
(Use `node --trace-warnings ...` to show where the warning was created)
(node:34324) [MONGOOSE] Warning: Duplicate schema index on {"email":1} found. This is often 
due to declaring an index using both "index: true" and "schema.index()". Please remove the 
duplicate index definition.
(Use `node --trace-warnings ...` to show where the warning was created)
(node:29332) [MONGOOSE] Warning: Duplicate schema index on {"orderNumber":1} found. This is 
often due to declaring an index using both "index: true" and "schema.index()". Please remove 
the duplicate index definition.
(Use `node --trace-warnings ...` to show where the warning was created)
(node:29332) [MONGOOSE] Warning: Duplicate schema index on {"userId":1} found. This is often 
due to declaring an index using both "index: true" and "schema.index()". Please remove the 
duplicate index definition.
(node:29332) [MONGOOSE] Warning: Duplicate schema index on {"email":1} found. This is often 
due to declaring an index using both "index: true" and "schema.index()". Please remove the 
duplicate index definition.
   Generating static pages (0/44) ...
   Generating static pages (11/44) 
Speech API not available in non-browser environment
   Generating static pages (22/44) 
(node:30264) [MONGOOSE] Warning: Duplicate schema index on {"userId":1} found. This is often 
due to declaring an index using both "index: true" and "schema.index()". Please remove the 
duplicate index definition.
(Use `node --trace-warnings ...` to show where the warning was created)
(node:30264) [MONGOOSE] Warning: Duplicate schema index on {"email":1} found. This is often 
due to declaring an index using both "index: true" and "schema.index()". Please remove the 
duplicate index definition.
(node:30264) [MONGOOSE] Warning: Duplicate schema index on {"userId":1} found. This is often 
due to declaring an index using both "index: true" and "schema.index()". Please remove the 
duplicate index definition.
(node:20972) [MONGOOSE] Warning: Duplicate schema index on {"orderNumber":1} found. This is 
often due to declaring an index using both "index: true" and "schema.index()". Please remove 
the duplicate index definition.
(Use `node --trace-warnings ...` to show where the warning was created)
(node:20972) [MONGOOSE] Warning: Duplicate schema index on {"userId":1} found. This is often 
due to declaring an index using both "index: true" and "schema.index()". Please remove the 
duplicate index definition.
(node:20972) [MONGOOSE] Warning: Duplicate schema index on {"email":1} found. This is often 
due to declaring an index using both "index: true" and "schema.index()". Please remove the 
duplicate index definition.
   Generating static pages (33/44) 
 Γ£ô Generating static pages (44/44)
   Finalizing page optimization ...
   Collecting build traces ...

Route (app)                                 Size  First Load JS
Γöî Γùï /                                    8.62 kB         162 kB
Γö£ Γùï /_not-found                            207 B         101 kB
Γö£ Γùï /ai-assistant                        13.8 kB         134 kB
Γö£ ╞Æ /api/ai-assistant                      207 B         101 kB
Γö£ ╞Æ /api/analyze-photo                     207 B         101 kB
Γö£ ╞Æ /api/auth/login                        207 B         101 kB
Γö£ ╞Æ /api/auth/signup                       207 B         101 kB
Γö£ ╞Æ /api/cart                              207 B         101 kB
Γö£ ╞Æ /api/events                            207 B         101 kB
Γö£ ╞Æ /api/fit-predict                       207 B         101 kB
Γö£ ╞Æ /api/get-user-photo                    207 B         101 kB
Γö£ ╞Æ /api/orders                            207 B         101 kB
Γö£ ╞Æ /api/orders/[id]                       207 B         101 kB
Γö£ ╞Æ /api/payment-methods                   207 B         101 kB
Γö£ ╞Æ /api/payment-methods/[id]              207 B         101 kB
Γö£ ╞Æ /api/photo-profiles                    207 B         101 kB
Γö£ ╞Æ /api/recommendations                   207 B         101 kB
Γö£ ╞Æ /api/users/[id]                        207 B         101 kB
Γö£ ╞Æ /api/virtual-try-on                    207 B         101 kB
Γö£ ╞Æ /api/virtual-try-on/[id]               207 B         101 kB
Γö£ ╞Æ /api/voice-search                      207 B         101 kB
Γö£ ╞Æ /api/wishlist                          207 B         101 kB
Γö£ Γùï /beauty                                200 B         109 kB
Γö£ Γùï /cart                                4.27 kB         120 kB
Γö£ Γùï /checkout                            7.09 kB         123 kB
Γö£ Γùï /flash-deals                          2.5 kB         130 kB
Γö£ Γùï /how-it-works                        6.15 kB         159 kB
Γö£ Γùï /kids                                  200 B         109 kB
Γö£ Γùï /men                                   200 B         109 kB
Γö£ Γùï /new-arrivals                          192 B         104 kB
Γö£ Γùï /orders                              4.69 kB         120 kB
Γö£ ╞Æ /orders/[id]                         4.98 kB         121 kB
Γö£ Γùï /payment-methods                     5.53 kB         118 kB
Γö£ ╞Æ /product/[id]                        9.58 kB         130 kB
Γö£ Γùï /profile                             5.73 kB         117 kB
Γö£ Γùï /profile/edit                        37.7 kB         173 kB
Γö£ Γùï /sale                                  192 B         104 kB
Γö£ Γùï /shop                                2.69 kB         112 kB
Γö£ ╞Æ /shop/[...slug]                      6.83 kB         142 kB
Γö£ Γùï /shop/beauty                         5.17 kB         140 kB
Γö£ Γùï /shop/kids                              3 kB         150 kB
Γö£ Γùï /shop/men                            4.13 kB         139 kB
Γö£ Γùï /shop/women                          4.29 kB         139 kB
Γö£ Γùï /signin                              4.35 kB         115 kB
Γö£ Γùï /signup                              6.05 kB         120 kB
Γö£ Γùï /terms                                 192 B         104 kB
Γö£ Γùï /virtual-try-on                      5.17 kB         137 kB
Γö£ Γùï /wishlist                            4.02 kB         120 kB
Γöö Γùï /women                                 200 B         109 kB
+ First Load JS shared by all             101 kB
  Γö£ chunks/1684-04e628caa7c275d9.js      45.3 kB
  Γö£ chunks/4bd1b696-ed7f1176aef2bc80.js  53.2 kB
  Γöö other shared chunks (total)          2.02 kB


Γùï  (Static)   prerendered as static content
╞Æ  (Dynamic)  server-rendered on demand

